=== automation session start ===
automation ON (poll=200ms telemetry=1000ms engineExec=0) dispatch=APlayerController::Tick cmds=D:\Program Files (x86)\Steam\steamapps\common\XIII - Classic\.\system\xiii_automation_cmds.txt
tick=1 ms=156489781 pos=-32.00,-16.00,-115.10 rot=0,0,0
tick=63 ms=156490781 pos=-32.00,-16.00,-115.10 rot=0,0,0
tick=127 ms=156491781 pos=-32.00,-16.00,-115.10 rot=0,0,0
tick=193 ms=156492796 pos=-32.00,-16.00,-115.10 rot=0,0,0
tick=257 ms=156493796 pos=-32.00,-16.00,-115.10 rot=0,0,0
tick=322 ms=156494796 pos=-32.00,-16.00,-115.10 rot=0,0,0
tick=367 ms=156495843 pos=8960.05,2095.60,814.50 rot=0,-21256,0
tick=419 ms=156496843 pos=8960.05,2095.60,814.50 rot=0,-21256,0
tick=484 ms=156497843 pos=8960.05,2095.60,814.50 rot=0,-21256,0
tick=548 ms=156498843 pos=8960.05,2095.60,814.50 rot=0,-21256,0
tick=614 ms=156499843 pos=8960.05,2095.60,814.50 rot=0,-21256,0
tick=738 ms=156500843 pos=8960.05,2095.60,814.50 rot=-3072,-15112,0
tick=870 ms=156501843 pos=8960.05,2095.60,814.50 rot=-679,-20820,0
tick=982 ms=156502843 pos=8960.05,2095.60,814.50 rot=-679,-20820,0
tick=1046 ms=156503843 pos=8960.05,2095.60,814.50 rot=64209,-14654,0
tick=1111 ms=156504843 pos=8960.05,2095.60,814.50 rot=65008,-23598,0
tick=1175 ms=156505843 pos=8960.05,2095.60,814.50 rot=65008,-23598,0
tick=1241 ms=156506843 pos=8960.05,2095.60,814.50 rot=65008,-23598,0
tick=1305 ms=156507843 pos=8960.05,2095.60,814.50 rot=65008,-23598,0
tick=1370 ms=156508843 pos=8960.05,2095.60,814.50 rot=65008,-23598,0
tick=1436 ms=156509843 pos=8960.05,2095.60,814.50 rot=65008,-23598,0
tick=1494 ms=156510843 pos=8960.05,2095.60,814.50 rot=65008,-23598,0
tick=1559 ms=156511843 pos=8960.05,2095.60,814.50 rot=65008,-23598,0
tick=1623 ms=156512843 pos=8960.05,2095.60,814.50 rot=65008,-23598,0
tick=1688 ms=156513843 pos=8960.05,2095.60,814.50 rot=65008,-23598,0
tick=1753 ms=156514843 pos=8960.05,2095.60,814.50 rot=65008,-23598,0
tick=1883 ms=156516843 pos=8960.05,2095.60,814.50 rot=65008,-23598,0
tick=1947 ms=156517843 pos=8960.05,2095.60,814.50 rot=65008,-23598,0
tick=2012 ms=156518843 pos=8960.05,2095.60,814.50 rot=65008,-23598,0
tick=2076 ms=156519843 pos=8960.05,2095.60,814.50 rot=65008,-23598,0
tick=2141 ms=156520843 pos=8960.05,2095.60,814.50 rot=65008,-23598,0
tick=2206 ms=156521843 pos=8960.05,2095.60,814.50 rot=65008,-23598,0
tick=2270 ms=156522843 pos=8960.05,2095.60,814.50 rot=65008,-23598,0
tick=2335 ms=156523843 pos=8960.05,2095.60,814.50 rot=65008,-23598,0
tick=2399 ms=156524843 pos=8960.05,2095.60,814.50 rot=65008,-23598,0
tick=2464 ms=156525843 pos=8960.05,2095.60,814.50 rot=65008,-23598,0
tick=2529 ms=156526843 pos=8960.05,2095.60,814.50 rot=65008,-23598,0
exec BEGIN player "god"
exec END   "god" -> unhandled
tick=2593 ms=156527843 pos=8960.05,2095.60,814.50 rot=65008,-23598,0
tick=2658 ms=156528843 pos=8960.05,2095.60,814.50 rot=65008,-23598,0
tick=2723 ms=156529843 pos=8960.05,2095.60,814.50 rot=65008,-23598,0
tick=2788 ms=156530843 pos=8960.05,2095.60,814.50 rot=65008,-23598,0
tick=2852 ms=156531843 pos=8960.05,2095.60,814.50 rot=65008,-23598,0
tick=2917 ms=156532843 pos=8960.05,2095.60,814.50 rot=65008,-23598,0
tick=2983 ms=156533843 pos=8960.05,2095.60,814.50 rot=65008,-23598,0
tick=3048 ms=156534843 pos=8960.05,2095.60,814.50 rot=65008,-23598,0
tick=3112 ms=156535843 pos=8960.05,2095.60,814.50 rot=65008,-23598,0
tick=3176 ms=156536843 pos=8960.05,2095.60,814.50 rot=65008,-23598,0
tick=3242 ms=156537843 pos=8960.05,2095.60,814.50 rot=65008,-23598,0
tick=3306 ms=156538843 pos=8960.05,2095.60,814.50 rot=65008,-23598,0
tick=3370 ms=156539843 pos=8960.05,2095.60,814.50 rot=65008,-23598,0
tick=3435 ms=156540843 pos=8960.05,2095.60,814.50 rot=65008,-23598,0
tick=3501 ms=156541843 pos=8960.05,2095.60,814.50 rot=65008,-23598,0
tick=3565 ms=156542843 pos=8960.05,2095.60,814.50 rot=65008,-23598,0
tick=3630 ms=156543843 pos=8960.05,2095.60,814.50 rot=65008,-23598,0
tick=3695 ms=156544843 pos=8960.05,2095.60,814.50 rot=65008,-23598,0
tick=3761 ms=156545843 pos=8960.05,2095.60,814.50 rot=65008,-23598,0
tick=3825 ms=156546843 pos=8960.05,2095.60,814.50 rot=65008,-23598,0
tick=3891 ms=156547843 pos=8960.05,2095.60,814.50 rot=65008,-23598,0
tick=3955 ms=156548843 pos=8960.05,2095.60,814.50 rot=65008,-23598,0
tick=4019 ms=156549843 pos=8960.05,2095.60,814.50 rot=65008,-23598,0
tick=4084 ms=156550843 pos=8960.05,2095.60,814.50 rot=65008,-23598,0
tick=4148 ms=156551843 pos=8960.05,2095.60,814.50 rot=65008,-23598,0
tick=4213 ms=156552843 pos=8960.05,2095.60,814.50 rot=65008,-23598,0
tick=4278 ms=156553843 pos=8960.05,2095.60,814.50 rot=65008,-23598,0
tick=4343 ms=156554843 pos=8960.05,2095.60,814.50 rot=65008,-23598,0
tick=4408 ms=156555843 pos=8960.05,2095.60,814.50 rot=65008,-23598,0
tick=4472 ms=156556843 pos=8960.05,2095.60,814.50 rot=65008,-23598,0
tick=4536 ms=156557843 pos=8960.05,2095.60,814.50 rot=65008,-23598,0
tick=4601 ms=156558843 pos=8960.05,2095.60,814.50 rot=65008,-23598,0
tick=4668 ms=156559843 pos=8960.05,2095.60,814.50 rot=65008,-23598,0
tick=4732 ms=156560843 pos=8960.05,2095.60,814.50 rot=65008,-23598,0
tick=4797 ms=156561843 pos=8960.05,2095.60,814.50 rot=65008,-23598,0
tick=4862 ms=156562843 pos=8960.05,2095.60,814.50 rot=65008,-23598,0
tick=4926 ms=156563843 pos=8960.05,2095.60,814.50 rot=65008,-23598,0
tick=4991 ms=156564843 pos=8960.05,2095.60,814.50 rot=65008,-23598,0
tick=5056 ms=156565843 pos=8960.05,2095.60,814.50 rot=65008,-23598,0
tick=5121 ms=156566843 pos=8960.05,2095.60,814.50 rot=65008,-23598,0
tick=5186 ms=156567843 pos=8960.05,2095.60,814.50 rot=65008,-23598,0
tick=5250 ms=156568843 pos=8960.05,2095.60,814.50 rot=65008,-23598,0
tick=5315 ms=156569843 pos=8960.05,2095.60,814.50 rot=65008,-23598,0
tick=5380 ms=156570843 pos=8960.05,2095.60,814.50 rot=65008,-23598,0
tick=5444 ms=156571843 pos=8960.05,2095.60,814.50 rot=65008,-23598,0
exec BEGIN player "God"
exec END   "God" -> unhandled
exec BEGIN player "Fly"
exec END   "Fly" -> unhandled
exec BEGIN player "Ghost"
exec END   "Ghost" -> unhandled
exec BEGIN player "Fov 90"
exec END   "Fov 90" -> playercontroller
tick=5510 ms=156572843 pos=8960.05,2095.60,814.50 rot=65008,-23598,0
tick=5574 ms=156573843 pos=8960.05,2095.60,814.50 rot=65008,-23598,0
tick=5638 ms=156574843 pos=8960.05,2095.60,814.50 rot=65008,-23598,0
tick=5703 ms=156575843 pos=8960.05,2095.60,814.50 rot=65008,-23598,0
tick=5767 ms=156576843 pos=8960.05,2095.60,814.50 rot=65008,-23598,0
tick=5832 ms=156577843 pos=8960.05,2095.60,814.50 rot=65008,-23598,0
tick=5897 ms=156578843 pos=8960.05,2095.60,814.50 rot=65008,-23598,0
tick=5962 ms=156579843 pos=8960.05,2095.60,814.50 rot=65008,-23598,0
tick=6027 ms=156580843 pos=8960.05,2095.60,814.50 rot=65008,-23598,0
tick=6092 ms=156581843 pos=8960.05,2095.60,814.50 rot=65008,-23598,0
tick=6156 ms=156582843 pos=8960.05,2095.60,814.50 rot=65008,-23598,0
tick=6221 ms=156583843 pos=8960.05,2095.60,814.50 rot=65008,-23598,0
tick=6286 ms=156584843 pos=8960.05,2095.60,814.50 rot=65008,-23598,0
tick=6351 ms=156585843 pos=8960.05,2095.60,814.50 rot=65008,-23598,0
tick=6415 ms=156586843 pos=8960.05,2095.60,814.50 rot=65008,-23598,0
tick=6480 ms=156587843 pos=8960.05,2095.60,814.50 rot=65008,-23598,0
tick=6545 ms=156588843 pos=8960.05,2095.60,814.50 rot=65008,-23598,0
tick=6610 ms=156589843 pos=8960.05,2095.60,814.50 rot=65008,-23598,0
tick=6675 ms=156590843 pos=8960.05,2095.60,814.50 rot=65008,-23598,0
tick=6739 ms=156591843 pos=8960.05,2095.60,814.50 rot=65008,-23598,0
tick=6804 ms=156592843 pos=8960.05,2095.60,814.50 rot=65008,-23598,0
tick=6869 ms=156593843 pos=8960.05,2095.60,814.50 rot=65008,-23598,0
tick=6934 ms=156594843 pos=8960.05,2095.60,814.50 rot=65008,-23598,0
tick=6999 ms=156595843 pos=8960.05,2095.60,814.50 rot=65008,-23598,0
tick=7064 ms=156596843 pos=8960.05,2095.60,814.50 rot=65008,-23598,0
tick=7129 ms=156597843 pos=8960.05,2095.60,814.50 rot=65008,-23598,0
tick=7194 ms=156598843 pos=8960.05,2095.60,814.50 rot=65008,-23598,0
tick=7258 ms=156599843 pos=8960.05,2095.60,814.50 rot=65008,-23598,0
tick=7323 ms=156600843 pos=8960.05,2095.60,814.50 rot=65008,-23598,0
tick=7387 ms=156601843 pos=8960.05,2095.60,814.50 rot=65008,-23598,0
tick=7452 ms=156602843 pos=8960.05,2095.60,814.50 rot=65008,-23598,0
tick=7516 ms=156603843 pos=8960.05,2095.60,814.50 rot=65008,-23598,0
tick=7581 ms=156604843 pos=8960.05,2095.60,814.50 rot=65008,-23598,0
tick=7646 ms=156605843 pos=8960.05,2095.60,814.50 rot=65008,-23598,0
tick=7712 ms=156606843 pos=8960.05,2095.60,814.50 rot=65008,-23598,0
tick=7777 ms=156607859 pos=8960.05,2095.60,814.50 rot=65008,-23598,0
tick=7842 ms=156608859 pos=8960.05,2095.60,814.50 rot=65008,-23598,0
tick=7906 ms=156609859 pos=8960.05,2095.60,814.50 rot=65008,-23598,0
tick=7971 ms=156610859 pos=8960.05,2095.60,814.50 rot=65008,-23598,0
tick=8036 ms=156611859 pos=8960.05,2095.60,814.50 rot=65008,-23598,0
tick=8100 ms=156612859 pos=8960.05,2095.60,814.50 rot=65008,-23598,0
tick=8165 ms=156613859 pos=8960.05,2095.60,814.50 rot=65008,-23598,0
tick=8231 ms=156614859 pos=8960.05,2095.60,814.50 rot=65008,-23598,0
tick=8295 ms=156615859 pos=8960.05,2095.60,814.50 rot=65008,-23598,0
tick=8360 ms=156616859 pos=8960.05,2095.60,814.50 rot=65008,-23598,0
tick=8424 ms=156617859 pos=8960.05,2095.60,814.50 rot=65008,-23598,0
tick=8489 ms=156618859 pos=8960.05,2095.60,814.50 rot=65008,-23598,0
tick=8554 ms=156619859 pos=8960.05,2095.60,814.50 rot=65008,-23598,0
tick=8618 ms=156620859 pos=8960.05,2095.60,814.50 rot=65008,-23598,0
tick=8684 ms=156621859 pos=8960.05,2095.60,814.50 rot=65008,-23598,0
tick=8749 ms=156622859 pos=8960.05,2095.60,814.50 rot=65008,-23598,0
tick=8815 ms=156623859 pos=8960.05,2095.60,814.50 rot=65008,-23598,0
tick=8879 ms=156624859 pos=8960.05,2095.60,814.50 rot=65008,-23598,0
tick=8944 ms=156625859 pos=8960.05,2095.60,814.50 rot=65008,-23598,0
tick=9008 ms=156626859 pos=8960.05,2095.60,814.50 rot=65008,-23598,0
tick=9073 ms=156627859 pos=8960.05,2095.60,814.50 rot=65008,-23598,0
tick=9137 ms=156628859 pos=8960.05,2095.60,814.50 rot=65008,-23598,0
tick=9202 ms=156629859 pos=8960.05,2095.60,814.50 rot=65008,-23598,0
tick=9266 ms=156630859 pos=8960.05,2095.60,814.50 rot=65008,-23598,0
tick=9332 ms=156631859 pos=8960.05,2095.60,814.50 rot=65008,-23598,0
tick=9397 ms=156632859 pos=8960.05,2095.60,814.50 rot=65008,-23598,0
tick=9461 ms=156633859 pos=8960.05,2095.60,814.50 rot=65008,-23598,0
tick=9526 ms=156634859 pos=8960.05,2095.60,814.50 rot=65008,-23598,0
tick=9590 ms=156635859 pos=8960.05,2095.60,814.50 rot=65008,-23598,0
tick=9654 ms=156636859 pos=8960.05,2095.60,814.50 rot=65008,-23598,0
tick=9719 ms=156637859 pos=8960.05,2095.60,814.50 rot=65008,-23598,0
tick=9784 ms=156638859 pos=8960.05,2095.60,814.50 rot=65008,-23598,0
tick=9849 ms=156639859 pos=8960.05,2095.60,814.50 rot=65008,-23598,0
tick=9914 ms=156640859 pos=8960.05,2095.60,814.50 rot=65008,-23598,0
tick=9978 ms=156641859 pos=8960.05,2095.60,814.50 rot=65008,-23598,0
tick=10043 ms=156642859 pos=8960.05,2095.60,814.50 rot=65008,-23598,0
tick=10109 ms=156643859 pos=8960.05,2095.60,814.50 rot=65008,-23598,0
tick=10173 ms=156644859 pos=8960.05,2095.60,814.50 rot=65008,-23598,0
tick=10238 ms=156645859 pos=8960.05,2095.60,814.50 rot=65008,-23598,0
tick=10302 ms=156646859 pos=8960.05,2095.60,814.50 rot=65008,-23598,0
tick=10368 ms=156647859 pos=8960.05,2095.60,814.50 rot=65008,-23598,0
tick=10432 ms=156648859 pos=8960.05,2095.60,814.50 rot=65008,-23598,0
tick=10497 ms=156649859 pos=8960.05,2095.60,814.50 rot=65008,-23598,0
tick=10563 ms=156650859 pos=8960.05,2095.60,814.50 rot=65008,-23598,0
tick=10628 ms=156651859 pos=8960.05,2095.60,814.50 rot=65008,-23598,0
tick=10693 ms=156652859 pos=8960.05,2095.60,814.50 rot=65008,-23598,0
tick=10759 ms=156653859 pos=8960.05,2095.60,814.50 rot=65008,-23598,0
tick=10823 ms=156654859 pos=8960.05,2095.60,814.50 rot=65008,-23598,0
tick=10888 ms=156655859 pos=8960.05,2095.60,814.50 rot=65008,-23598,0
tick=10953 ms=156656859 pos=8960.05,2095.60,814.50 rot=65008,-23598,0
tick=11019 ms=156657859 pos=8960.05,2095.60,814.50 rot=65008,-23598,0
tick=11084 ms=156658859 pos=8960.05,2095.60,814.50 rot=65008,-23598,0
tick=11148 ms=156659859 pos=8960.05,2095.60,814.50 rot=65008,-23598,0
tick=11213 ms=156660859 pos=8960.05,2095.60,814.50 rot=65008,-23598,0
tick=11277 ms=156661859 pos=8960.05,2095.60,814.50 rot=65008,-23598,0
tick=11342 ms=156662859 pos=8960.05,2095.60,814.50 rot=65008,-23598,0
tick=11408 ms=156663859 pos=8960.05,2095.60,814.50 rot=65008,-23598,0
tick=11472 ms=156664859 pos=8960.05,2095.60,814.50 rot=65008,-23598,0
tick=11536 ms=156665859 pos=8960.05,2095.60,814.50 rot=65008,-23598,0
tick=11602 ms=156666859 pos=8960.05,2095.60,814.50 rot=65008,-23598,0
tick=11667 ms=156667875 pos=8960.05,2095.60,814.50 rot=65008,-23598,0
tick=11732 ms=156668875 pos=8960.05,2095.60,814.50 rot=65008,-23598,0
tick=11797 ms=156669875 pos=8960.05,2095.60,814.50 rot=65008,-23598,0
tick=11862 ms=156670875 pos=8960.05,2095.60,814.50 rot=65008,-23598,0
tick=11927 ms=156671890 pos=8960.05,2095.60,814.50 rot=65008,-23598,0
tick=11992 ms=156672890 pos=8960.05,2095.60,814.50 rot=65008,-23598,0
tick=12056 ms=156673890 pos=8960.05,2095.60,814.50 rot=65008,-23598,0
tick=12120 ms=156674890 pos=8960.05,2095.60,814.50 rot=65008,-23598,0
tick=12185 ms=156675890 pos=8960.05,2095.60,814.50 rot=65008,-23598,0
tick=12249 ms=156676890 pos=8960.05,2095.60,814.50 rot=65008,-23598,0
tick=12314 ms=156677890 pos=8960.05,2095.60,814.50 rot=65008,-23598,0
tick=12378 ms=156678890 pos=8960.05,2095.60,814.50 rot=65008,-23598,0
tick=12443 ms=156679890 pos=8960.05,2095.60,814.50 rot=65008,-23598,0
tick=12508 ms=156680890 pos=8960.05,2095.60,814.50 rot=65008,-23598,0
tick=12573 ms=156681890 pos=8960.05,2095.60,814.50 rot=65008,-23598,0
tick=12639 ms=156682890 pos=8960.05,2095.60,814.50 rot=65008,-23598,0
tick=12703 ms=156683890 pos=8960.05,2095.60,814.50 rot=65008,-23598,0
tick=12768 ms=156684890 pos=8960.05,2095.60,814.50 rot=65008,-23598,0
tick=12832 ms=156685890 pos=8960.05,2095.60,814.50 rot=65008,-23598,0
tick=12897 ms=156686890 pos=8960.05,2095.60,814.50 rot=65008,-23598,0
tick=12962 ms=156687890 pos=8960.05,2095.60,814.50 rot=65008,-23598,0
tick=13026 ms=156688890 pos=8960.05,2095.60,814.50 rot=65008,-23598,0
tick=13091 ms=156689890 pos=8960.05,2095.60,814.50 rot=65008,-23598,0
tick=13155 ms=156690890 pos=8960.05,2095.60,814.50 rot=65008,-23598,0
tick=13220 ms=156691890 pos=8960.05,2095.60,814.50 rot=65008,-23598,0
tick=13285 ms=156692890 pos=8960.05,2095.60,814.50 rot=65008,-23598,0
tick=13350 ms=156693906 pos=8960.05,2095.60,814.50 rot=65008,-23598,0
tick=13415 ms=156694906 pos=8960.05,2095.60,814.50 rot=65008,-23598,0
tick=13480 ms=156695906 pos=8960.05,2095.60,814.50 rot=65008,-23598,0
tick=13545 ms=156696906 pos=8960.05,2095.60,814.50 rot=65008,-23598,0
tick=13610 ms=156697906 pos=8960.05,2095.60,814.50 rot=65008,-23598,0
tick=13676 ms=156698906 pos=8960.05,2095.60,814.50 rot=65008,-23598,0
tick=13742 ms=156699906 pos=8960.05,2095.60,814.50 rot=65008,-23598,0
tick=13807 ms=156700906 pos=8960.05,2095.60,814.50 rot=65008,-23598,0
exec BEGIN player "BehindView 1"
exec END   "BehindView 1" -> playercontroller
exec BEGIN player "Teleport"
exec END   "Teleport" -> unhandled
exec BEGIN player "MaxAmmo"
exec END   "MaxAmmo" -> unhandled
exec BEGIN player "HealMe 100"
exec END   "HealMe 100" -> unhandled
exec BEGIN player "Walk"
exec END   "Walk" -> unhandled
exec BEGIN player "PlayersOnly"
exec END   "PlayersOnly" -> unhandled
exec BEGIN player "Slomo 1"
exec END   "Slomo 1" -> unhandled
tick=13871 ms=156701906 pos=9135.89,2307.88,768.46 rot=65008,-23598,0
tick=13936 ms=156702906 pos=9135.89,2307.88,768.46 rot=65008,-23598,0
tick=14001 ms=156703906 pos=9135.89,2307.88,768.46 rot=65008,-23598,0
tick=14065 ms=156704906 pos=9135.89,2307.88,768.46 rot=65008,-23598,0
tick=14130 ms=156705906 pos=9135.89,2307.88,768.46 rot=65008,-23598,0
tick=14195 ms=156706906 pos=9135.89,2307.88,768.46 rot=65008,-23598,0
tick=14261 ms=156707921 pos=9135.89,2307.88,768.46 rot=65008,-23598,0
tick=14326 ms=156708921 pos=9135.89,2307.88,768.46 rot=65008,-23598,0
tick=14391 ms=156709921 pos=9135.89,2307.88,768.46 rot=65008,-23598,0
tick=14456 ms=156710921 pos=9135.89,2307.88,768.46 rot=65008,-23598,0
tick=14521 ms=156711921 pos=9135.89,2307.88,768.46 rot=65008,-23598,0
tick=14585 ms=156712921 pos=9135.89,2307.88,768.46 rot=65008,-23598,0
tick=14650 ms=156713921 pos=9135.89,2307.88,768.46 rot=65008,-23598,0
tick=14715 ms=156714921 pos=9135.89,2307.88,768.46 rot=65008,-23598,0
tick=14780 ms=156715921 pos=9135.89,2307.88,768.46 rot=65008,-23598,0
tick=14844 ms=156716921 pos=9135.89,2307.88,768.46 rot=65008,-23598,0
tick=14909 ms=156717921 pos=9135.89,2307.88,768.46 rot=65008,-23598,0
tick=14975 ms=156718937 pos=9135.89,2307.88,768.46 rot=65008,-23598,0
tick=15040 ms=156719937 pos=9135.89,2307.88,768.46 rot=65008,-23598,0
tick=15106 ms=156720937 pos=9135.89,2307.88,768.46 rot=65008,-23598,0
tick=15170 ms=156721937 pos=9135.89,2307.88,768.46 rot=65008,-23598,0
tick=15235 ms=156722937 pos=9135.89,2307.88,768.46 rot=65008,-23598,0
tick=15300 ms=156723937 pos=9135.89,2307.88,768.46 rot=65008,-23598,0
tick=15365 ms=156724937 pos=9135.89,2307.88,768.46 rot=65008,-23598,0
tick=15430 ms=156725937 pos=9135.89,2307.88,768.46 rot=65008,-23598,0
tick=15495 ms=156726953 pos=9135.89,2307.88,768.46 rot=65008,-23598,0
tick=15560 ms=156727953 pos=9135.89,2307.88,768.46 rot=65008,-23598,0
exec BEGIN player "BehindView 0"
exec END   "BehindView 0" -> playercontroller
tick=15626 ms=156728968 pos=8960.05,2095.60,814.50 rot=65008,-23598,0
tick=15691 ms=156729968 pos=8960.05,2095.60,814.50 rot=65008,-23598,0
tick=15757 ms=156730968 pos=8960.05,2095.60,814.50 rot=65008,-23598,0
tick=15821 ms=156731968 pos=8960.05,2095.60,814.50 rot=65008,-23598,0
tick=15886 ms=156732968 pos=8960.05,2095.60,814.50 rot=65008,-23598,0
tick=15951 ms=156733968 pos=8960.05,2095.60,814.50 rot=65008,-23598,0
tick=16015 ms=156734968 pos=8960.05,2095.60,814.50 rot=65008,-23598,0
tick=16081 ms=156735968 pos=8960.05,2095.60,814.50 rot=65008,-23598,0
tick=16146 ms=156736968 pos=8960.05,2095.60,814.50 rot=65008,-23598,0
tick=16210 ms=156737968 pos=8960.05,2095.60,814.50 rot=65008,-23598,0
tick=16275 ms=156738968 pos=8960.05,2095.60,814.50 rot=65008,-23598,0
tick=16339 ms=156739968 pos=8960.05,2095.60,814.50 rot=65008,-23598,0
tick=16404 ms=156740968 pos=8960.05,2095.60,814.50 rot=65008,-23598,0
tick=16469 ms=156741968 pos=8960.05,2095.60,814.50 rot=65008,-23598,0
tick=16533 ms=156742968 pos=8960.05,2095.60,814.50 rot=65008,-23598,0
tick=16600 ms=156743968 pos=8960.05,2095.60,814.50 rot=65008,-23598,0
tick=16665 ms=156744968 pos=8960.05,2095.60,814.50 rot=65008,-23598,0
tick=16730 ms=156745968 pos=8960.05,2095.60,814.50 rot=65008,-23598,0
tick=16795 ms=156746968 pos=8960.05,2095.60,814.50 rot=65008,-23598,0
tick=16859 ms=156747968 pos=8960.05,2095.60,814.50 rot=65008,-23598,0
tick=16924 ms=156748968 pos=8960.05,2095.60,814.50 rot=65008,-23598,0
tick=16991 ms=156749968 pos=8960.05,2095.60,814.50 rot=65008,-23598,0
tick=17055 ms=156750968 pos=8960.05,2095.60,814.50 rot=65008,-23598,0
tick=17121 ms=156751968 pos=8960.05,2095.60,814.50 rot=65008,-23598,0
tick=17185 ms=156752968 pos=8960.05,2095.60,814.50 rot=65008,-23598,0
tick=17253 ms=156753968 pos=8960.05,2095.60,814.50 rot=65008,-23598,0
tick=17317 ms=156754968 pos=8960.05,2095.60,814.50 rot=65008,-23598,0
tick=17382 ms=156755968 pos=8960.05,2095.60,814.50 rot=65008,-23598,0
tick=17447 ms=156756968 pos=8960.05,2095.60,814.50 rot=65008,-23598,0
tick=17511 ms=156757968 pos=8960.05,2095.60,814.50 rot=65008,-23598,0
tick=17576 ms=156758968 pos=8960.05,2095.60,814.50 rot=65008,-23598,0
tick=17641 ms=156759968 pos=8960.05,2095.60,814.50 rot=65008,-23598,0
tick=17705 ms=156760968 pos=8960.05,2095.60,814.50 rot=65008,-23598,0
tick=17770 ms=156761968 pos=8960.05,2095.60,814.50 rot=65008,-23598,0
tick=17834 ms=156762968 pos=8960.05,2095.60,814.50 rot=65008,-23598,0
tick=17900 ms=156763968 pos=8960.05,2095.60,814.50 rot=65008,-23598,0
tick=17965 ms=156764968 pos=8960.05,2095.60,814.50 rot=65008,-23598,0
tick=18029 ms=156765968 pos=8960.05,2095.60,814.50 rot=65008,-23598,0
tick=18094 ms=156766968 pos=8960.05,2095.60,814.50 rot=65008,-23598,0
tick=18160 ms=156767984 pos=8960.05,2095.60,814.50 rot=65008,-23598,0
tick=18226 ms=156768984 pos=8960.05,2095.60,814.50 rot=65008,-23598,0
tick=18290 ms=156769984 pos=8960.05,2095.60,814.50 rot=65008,-23598,0
tick=18355 ms=156770984 pos=8960.05,2095.60,814.50 rot=65008,-23598,0
tick=18420 ms=156771984 pos=8960.05,2095.60,814.50 rot=65008,-23598,0
tick=18486 ms=156772984 pos=8960.05,2095.60,814.50 rot=65008,-23598,0
tick=18551 ms=156773984 pos=8960.05,2095.60,814.50 rot=65008,-23598,0
tick=18616 ms=156774984 pos=8960.05,2095.60,814.50 rot=65008,-23598,0
tick=18681 ms=156775984 pos=8960.05,2095.60,814.50 rot=65008,-23598,0
tick=18745 ms=156776984 pos=8960.05,2095.60,814.50 rot=65008,-23598,0
tick=18809 ms=156777984 pos=8960.05,2095.60,814.50 rot=65008,-23598,0
tick=18874 ms=156778984 pos=8960.05,2095.60,814.50 rot=65008,-23598,0
tick=18939 ms=156779984 pos=8960.05,2095.60,814.50 rot=65008,-23598,0
tick=19004 ms=156780984 pos=8960.05,2095.60,814.50 rot=65008,-23598,0
tick=19069 ms=156781984 pos=8960.05,2095.60,814.50 rot=65008,-23598,0
tick=19134 ms=156782984 pos=8960.05,2095.60,814.50 rot=65008,-23598,0
tick=19199 ms=156783984 pos=8960.05,2095.60,814.50 rot=65008,-23598,0
tick=19263 ms=156784984 pos=8960.05,2095.60,814.50 rot=65008,-23598,0
tick=19328 ms=156785984 pos=8960.05,2095.60,814.50 rot=65008,-23598,0
tick=19393 ms=156786984 pos=8960.05,2095.60,814.50 rot=65008,-23598,0
tick=19457 ms=156787984 pos=8960.05,2095.60,814.50 rot=65008,-23598,0
tick=19522 ms=156788984 pos=8960.05,2095.60,814.50 rot=65008,-23598,0
tick=19587 ms=156789984 pos=8960.05,2095.60,814.50 rot=65008,-23598,0
tick=19651 ms=156790984 pos=8960.05,2095.60,814.50 rot=65008,-23598,0
tick=19715 ms=156791984 pos=8960.05,2095.60,814.50 rot=65008,-23598,0
tick=19780 ms=156792984 pos=8960.05,2095.60,814.50 rot=65008,-23598,0
tick=19845 ms=156793984 pos=8960.05,2095.60,814.50 rot=65008,-23598,0
tick=19909 ms=156794984 pos=8960.05,2095.60,814.50 rot=65008,-23598,0
tick=19973 ms=156795984 pos=8960.05,2095.60,814.50 rot=65008,-23598,0
tick=20038 ms=156796984 pos=8960.05,2095.60,814.50 rot=65008,-23598,0
tick=20102 ms=156797984 pos=8960.05,2095.60,814.50 rot=65008,-23598,0
tick=20166 ms=156798984 pos=8960.05,2095.60,814.50 rot=65008,-23598,0
tick=20231 ms=156799984 pos=8960.05,2095.60,814.50 rot=65008,-23598,0
tick=20296 ms=156800984 pos=8960.05,2095.60,814.50 rot=65008,-23598,0
tick=20361 ms=156801984 pos=8960.05,2095.60,814.50 rot=65008,-23598,0
tick=20426 ms=156802984 pos=8960.05,2095.60,814.50 rot=65008,-23598,0
tick=20491 ms=156803984 pos=8960.05,2095.60,814.50 rot=65008,-23598,0
tick=20555 ms=156804984 pos=8960.05,2095.60,814.50 rot=65008,-23598,0
tick=20621 ms=156805984 pos=8960.05,2095.60,814.50 rot=65008,-23598,0
tick=20685 ms=156806984 pos=8960.05,2095.60,814.50 rot=65008,-23598,0
tick=20750 ms=156807984 pos=8960.05,2095.60,814.50 rot=65008,-23598,0
tick=20815 ms=156808984 pos=8960.05,2095.60,814.50 rot=65008,-23598,0
tick=20879 ms=156809984 pos=8960.05,2095.60,814.50 rot=65008,-23598,0
tick=20944 ms=156810984 pos=8960.05,2095.60,814.50 rot=65008,-23598,0
tick=21008 ms=156811984 pos=8960.05,2095.60,814.50 rot=65008,-23598,0
tick=21072 ms=156812984 pos=8960.05,2095.60,814.50 rot=65008,-23598,0
tick=21137 ms=156813984 pos=8960.05,2095.60,814.50 rot=65008,-23598,0
tick=21202 ms=156814984 pos=8960.05,2095.60,814.50 rot=65008,-23598,0
tick=21266 ms=156815984 pos=8960.05,2095.60,814.50 rot=65008,-23598,0
tick=21331 ms=156816984 pos=8960.05,2095.60,814.50 rot=65008,-23598,0
tick=21397 ms=156817984 pos=8960.05,2095.60,814.50 rot=65008,-23598,0
tick=21461 ms=156818984 pos=8960.05,2095.60,814.50 rot=65008,-23598,0
tick=21526 ms=156819984 pos=8960.05,2095.60,814.50 rot=65008,-23598,0
tick=21590 ms=156820984 pos=8960.05,2095.60,814.50 rot=65008,-23598,0
tick=21655 ms=156821984 pos=8960.05,2095.60,814.50 rot=65008,-23598,0
tick=21720 ms=156822984 pos=8960.05,2095.60,814.50 rot=65008,-23598,0
