=== automation session start ===
automation ON (poll=200ms telemetry=1000ms) cmds=D:\Program Files (x86)\Steam\steamapps\common\XIII - Classic\.\system\xiii_automation_cmds.txt log=C:\Users\Tefa\AppData\Local\Temp\xiii_capture\xiii_automation.log
tick=1 ms=154332718 pos=-32.00,-16.00,-115.10 rot=0,0,0
tick=64 ms=154333718 pos=-32.00,-16.00,-115.10 rot=0,0,0
tick=128 ms=154334718 pos=-32.00,-16.00,-115.10 rot=0,0,0
tick=193 ms=154335718 pos=-32.00,-16.00,-115.10 rot=0,0,0
tick=255 ms=154336718 pos=-32.00,-16.00,-115.10 rot=0,0,0
tick=320 ms=154337718 pos=-32.00,-16.00,-115.10 rot=0,0,0
tick=384 ms=154338718 pos=-32.00,-16.00,-115.10 rot=0,0,0
tick=425 ms=154341140 pos=-32.00,-16.00,-115.10 rot=0,0,0
tick=426 ms=154342468 pos=8960.05,2095.60,814.50 rot=0,-21256,0
tick=478 ms=154343468 pos=8960.05,2095.60,814.50 rot=0,-21256,0
tick=547 ms=154344468 pos=8960.05,2095.60,814.50 rot=0,-21256,0
tick=614 ms=154345484 pos=8960.05,2095.60,814.50 rot=0,-21256,0
tick=680 ms=154346484 pos=8960.05,2095.60,814.50 rot=0,-21256,0
tick=729 ms=154347484 pos=-32.00,-16.00,-115.10 rot=0,0,0
tick=794 ms=154348484 pos=-32.00,-16.00,-115.10 rot=0,0,0
tick=858 ms=154349484 pos=-32.00,-16.00,-115.10 rot=0,0,0
tick=923 ms=154350484 pos=-32.00,-16.00,-115.10 rot=0,0,0
tick=987 ms=154351484 pos=-32.00,-16.00,-115.10 rot=0,0,0
tick=1052 ms=154352484 pos=-32.00,-16.00,-115.10 rot=0,0,0
tick=1117 ms=154353484 pos=-32.00,-16.00,-115.10 rot=0,0,0
tick=1181 ms=154354484 pos=-32.00,-16.00,-115.10 rot=0,0,0
tick=1246 ms=154355484 pos=-32.00,-16.00,-115.10 rot=0,0,0
tick=1311 ms=154356484 pos=-32.00,-16.00,-115.10 rot=0,0,0
tick=1375 ms=154357484 pos=-32.00,-16.00,-115.10 rot=0,0,0
tick=1440 ms=154358484 pos=-32.00,-16.00,-115.10 rot=0,0,0
tick=1505 ms=154359484 pos=-32.00,-16.00,-115.10 rot=0,0,0
tick=1570 ms=154360500 pos=-32.00,-16.00,-115.10 rot=0,0,0
tick=1635 ms=154361500 pos=-32.00,-16.00,-115.10 rot=0,0,0
tick=1700 ms=154362500 pos=-32.00,-16.00,-115.10 rot=0,0,0
tick=1765 ms=154363500 pos=-32.00,-16.00,-115.10 rot=0,0,0
tick=1829 ms=154364500 pos=-32.00,-16.00,-115.10 rot=0,0,0
tick=1894 ms=154365500 pos=-32.00,-16.00,-115.10 rot=0,0,0
tick=1898 ms=154372171 pos=-32.00,-16.00,-115.10 rot=0,0,0
tick=1936 ms=154373171 pos=8960.05,2095.60,814.50 rot=0,-21256,0
tick=2002 ms=154374171 pos=8960.05,2095.60,814.50 rot=0,-21256,0
tick=2068 ms=154375187 pos=8960.05,2095.60,814.50 rot=0,-21256,0
tick=2134 ms=154376187 pos=8960.05,2095.60,814.50 rot=-2671,-17737,0
tick=2242 ms=154377187 pos=8960.05,2095.60,814.50 rot=-3072,-19575,0
tick=2378 ms=154378187 pos=8960.05,2095.60,814.50 rot=-3072,-19575,0
tick=2506 ms=154379187 pos=8960.05,2095.60,814.50 rot=-3072,-19575,0
tick=2573 ms=154380187 pos=8960.05,2095.60,814.50 rot=62464,-19575,0
tick=2638 ms=154381187 pos=8960.05,2095.60,814.50 rot=62464,-19575,0
tick=2702 ms=154382187 pos=8960.05,2095.60,814.50 rot=62464,-19575,0
tick=2769 ms=154383187 pos=8960.05,2095.60,814.50 rot=62464,-19575,0
tick=2837 ms=154384187 pos=8960.05,2095.60,814.50 rot=62464,-19575,0
tick=2904 ms=154385187 pos=8960.05,2095.60,814.50 rot=62464,-19575,0
tick=2970 ms=154386187 pos=8960.05,2095.60,814.50 rot=62464,-19575,0
tick=3038 ms=154387187 pos=8960.05,2095.60,814.50 rot=62464,-19575,0
tick=3103 ms=154388187 pos=8960.05,2095.60,814.50 rot=62464,-19575,0
tick=3169 ms=154389187 pos=8960.05,2095.60,814.50 rot=62464,-19575,0
tick=3234 ms=154390187 pos=8960.05,2095.60,814.50 rot=62464,-19575,0
tick=3300 ms=154391187 pos=8960.05,2095.60,814.50 rot=62464,-19575,0
tick=3366 ms=154392203 pos=8960.05,2095.60,814.50 rot=62464,-19575,0
tick=3433 ms=154393203 pos=8960.05,2095.60,814.50 rot=62464,-19575,0
tick=3498 ms=154394203 pos=8960.05,2095.60,814.50 rot=62464,-19575,0
tick=3563 ms=154395203 pos=8960.05,2095.60,814.50 rot=62464,-19575,0
tick=3627 ms=154396203 pos=8960.05,2095.60,814.50 rot=62464,-19575,0
tick=3692 ms=154397203 pos=8960.05,2095.60,814.50 rot=62464,-19575,0
tick=3757 ms=154398203 pos=8960.05,2095.60,814.50 rot=62464,-19575,0
tick=3821 ms=154399203 pos=8960.05,2095.60,814.50 rot=62464,-19575,0
